
Allocating common symbols
Common symbol       size              file

humi                0x2               1c102_main.o
Read_length         0x1               1c102_main.o
send_temp_flag      0x1               1c102_main.o
uart_rec            0xa               init.o
nmi_caller          0x4               1c102_cmdline.o
temp                0x2               1c102_main.o
exti_irq_handle     0x80              1c102_Interrupt.o
ADC_Value           0x1               1c102_main.o
STS                 0x1               ls1c102_i2c.o
Circular_queue      0x130             queue.o
uart_rec_len        0x1               init.o
diff                0x4               fumes.o
_rand_next          0x4               ls1x_printf.o
FAN_FLAG            0x1               1c102_main.o
str                 0x1e              1c102_main.o
Flash_pe            0x1               ls1x_flash.o
send_humi_flag      0x1               1c102_main.o
smoke               0x2               1c102_main.o
Read_Buffer         0xff              1c102_main.o

Discarded input sections

 .text          0x0000000000000000       0x14 start.o
 .data          0x0000000000000000        0x0 start.o
 .bss           0x0000000000000000        0x0 start.o
 .data          0x0000000000000000        0x0 serial.o
 .bss           0x0000000000000000        0x0 serial.o
 .data          0x0000000000000000        0x0 wakeup.o
 .bss           0x0000000000000000        0x0 wakeup.o
 .text          0x0000000000000000        0x0 UserGpio.o
 .data          0x0000000000000000        0x0 UserGpio.o
 .bss           0x0000000000000000        0x0 UserGpio.o
 .eh_frame      0x0000000000000000       0x3c UserGpio.o
 .text          0x0000000000000000        0x0 init.o
 .data          0x0000000000000000        0x0 init.o
 .bss           0x0000000000000000        0x0 init.o
 .eh_frame      0x0000000000000000       0x3c init.o
 COMMON         0x0000000000000000        0xb init.o
 .text          0x0000000000000000        0x0 ls1x_gpio.o
 .data          0x0000000000000000        0x0 ls1x_gpio.o
 .bss           0x0000000000000000        0x0 ls1x_gpio.o
 .text.GPIO_Init
                0x0000000000000000       0x68 ls1x_gpio.o
 .text.gpio_set_InputStatus
                0x0000000000000000      0x128 ls1x_gpio.o
 .eh_frame      0x0000000000000000      0x110 ls1x_gpio.o
 .text          0x0000000000000000        0x0 ls1x_spi.o
 .data          0x0000000000000000        0x0 ls1x_spi.o
 .bss           0x0000000000000000        0x0 ls1x_spi.o
 .rodata        0x0000000000000000       0x42 ls1x_spi.o
 .text.Spi_FreqDiv
                0x0000000000000000      0x140 ls1x_spi.o
 .text.Spi_Init
                0x0000000000000000       0x70 ls1x_spi.o
 .text.Spi_Write_Read_1to4
                0x0000000000000000       0xf0 ls1x_spi.o
 .text.Spi_Write_Read_N
                0x0000000000000000      0x124 ls1x_spi.o
 .text.Spi_Cs_Down
                0x0000000000000000       0x58 ls1x_spi.o
 .text.Spi_Cs_Up
                0x0000000000000000       0x54 ls1x_spi.o
 .text.Spi_Send
                0x0000000000000000       0x40 ls1x_spi.o
 .text.Spiflash_Rdsr
                0x0000000000000000       0x4c ls1x_spi.o
 .text.Spiflash_Wait_Wip_Zero
                0x0000000000000000       0x38 ls1x_spi.o
 .text.Spiflash_Wren
                0x0000000000000000       0x4c ls1x_spi.o
 .text.Spiflash_Wrsr
                0x0000000000000000       0x5c ls1x_spi.o
 .text.Spiflash_Rdsr2
                0x0000000000000000       0x4c ls1x_spi.o
 .text.Spiflash_Rdsr3
                0x0000000000000000       0x4c ls1x_spi.o
 .text.Spiflash_Rdid
                0x0000000000000000       0x68 ls1x_spi.o
 .text.Spiflash_Sector_Erase
                0x0000000000000000       0x90 ls1x_spi.o
 .text.Spiflash_Block64k_Erase
                0x0000000000000000       0x90 ls1x_spi.o
 .text.Spiflash_Page_Program
                0x0000000000000000       0xa4 ls1x_spi.o
 .text.Spiflash_Read_Bytes
                0x0000000000000000       0x9c ls1x_spi.o
 .text.SPI_TransByte
                0x0000000000000000       0xe8 ls1x_spi.o
 .text.SpiFlashCsn0Enable
                0x0000000000000000       0x28 ls1x_spi.o
 .text.SpiFlashCsn0Disable
                0x0000000000000000       0x28 ls1x_spi.o
 .comment       0x0000000000000000       0x12 ls1x_spi.o
 .eh_frame      0x0000000000000000      0x320 ls1x_spi.o
 .text          0x0000000000000000        0x0 ls1x_printf.o
 .data          0x0000000000000000        0x0 ls1x_printf.o
 .bss           0x0000000000000000        0x0 ls1x_printf.o
 .rodata        0x0000000000000000        0x7 ls1x_printf.o
 .text.printBuf
                0x0000000000000000       0x78 ls1x_printf.o
 .text.myputchar2
                0x0000000000000000       0x84 ls1x_printf.o
 .text.mygetchar
                0x0000000000000000       0x38 ls1x_printf.o
 .text.printbase2
                0x0000000000000000      0x178 ls1x_printf.o
 .text.puts2    0x0000000000000000       0x88 ls1x_printf.o
 .text.myprintf2
                0x0000000000000000      0x414 ls1x_printf.o
 .rodata.myprintf2
                0x0000000000000000      0x150 ls1x_printf.o
 .text.rand     0x0000000000000000       0x5c ls1x_printf.o
 .eh_frame      0x0000000000000000      0x27c ls1x_printf.o
 COMMON         0x0000000000000000        0x4 ls1x_printf.o
 .text          0x0000000000000000        0x0 ls1x_uart.o
 .data          0x0000000000000000        0x0 ls1x_uart.o
 .bss           0x0000000000000000        0x0 ls1x_uart.o
 .text.Uart_init
                0x0000000000000000       0xa4 ls1x_uart.o
 .text.UART_SendDataALL
                0x0000000000000000       0x78 ls1x_uart.o
 .text.UART_ReceiveData
                0x0000000000000000       0x4c ls1x_uart.o
 .text.UART_GetFlagStatus
                0x0000000000000000       0x64 ls1x_uart.o
 .text.UART_GetITStatus
                0x0000000000000000       0x60 ls1x_uart.o
 .text.UART_ClearITPendingBit
                0x0000000000000000       0xa4 ls1x_uart.o
 .text.x_getchar
                0x0000000000000000       0x2c ls1x_uart.o
 .text.UartInit
                0x0000000000000000       0x6c ls1x_uart.o
 .text.Uart2_init
                0x0000000000000000       0x7c ls1x_uart.o
 .text.Uart1_init_test
                0x0000000000000000       0x80 ls1x_uart.o
 .text.Uart0_send
                0x0000000000000000       0x3c ls1x_uart.o
 .text.Uart2_send
                0x0000000000000000       0x3c ls1x_uart.o
 .eh_frame      0x0000000000000000      0x2c8 ls1x_uart.o
 .text          0x0000000000000000        0x0 ls1x_clock.o
 .data          0x0000000000000000        0x0 ls1x_clock.o
 .bss           0x0000000000000000        0x0 ls1x_clock.o
 .text.CLOCK_checkSelect
                0x0000000000000000       0xc0 ls1x_clock.o
 .text.CLOCK_GetFlagStatus
                0x0000000000000000       0x3c ls1x_clock.o
 .text.CLOCK_GetClocksFreq
                0x0000000000000000       0x6c ls1x_clock.o
 .eh_frame      0x0000000000000000      0x18c ls1x_clock.o
 .text          0x0000000000000000        0x0 ls1x_common.o
 .data          0x0000000000000000        0x0 ls1x_common.o
 .bss           0x0000000000000000        0x0 ls1x_common.o
 .text.DisableExtInt
                0x0000000000000000       0x40 ls1x_common.o
 .text.EnableExtInt
                0x0000000000000000       0x3c ls1x_common.o
 .text.Set_soft_int
                0x0000000000000000       0x24 ls1x_common.o
 .text.Set_soft_stop
                0x0000000000000000       0x24 ls1x_common.o
 .text.Set_Timer_Init
                0x0000000000000000       0x30 ls1x_common.o
 .text.Wake_256sec_Set
                0x0000000000000000       0xa8 ls1x_common.o
 .eh_frame      0x0000000000000000      0x19c ls1x_common.o
 .text          0x0000000000000000        0x0 ls1x_pmu.o
 .data          0x0000000000000000        0x0 ls1x_pmu.o
 .bss           0x0000000000000000        0x0 ls1x_pmu.o
 .eh_frame      0x0000000000000000       0x58 ls1x_pmu.o
 .text          0x0000000000000000        0x0 ls1x_logo.o
 .data          0x0000000000000000        0x0 ls1x_logo.o
 .bss           0x0000000000000000        0x0 ls1x_logo.o
 .eh_frame      0x0000000000000000       0x3c ls1x_logo.o
 .text          0x0000000000000000        0x0 ls1x_latimer.o
 .data          0x0000000000000000        0x0 ls1x_latimer.o
 .bss           0x0000000000000000        0x0 ls1x_latimer.o
 .text.close_count
                0x0000000000000000       0x24 ls1x_latimer.o
 .text.delay_s  0x0000000000000000       0x3c ls1x_latimer.o
 .text.SetTime  0x0000000000000000       0x54 ls1x_latimer.o
 .text.CompareTime
                0x0000000000000000       0x50 ls1x_latimer.o
 .eh_frame      0x0000000000000000      0x19c ls1x_latimer.o
 .text          0x0000000000000000        0x0 ls1x_string.o
 .data          0x0000000000000000        0x0 ls1x_string.o
 .bss           0x0000000000000000        0x0 ls1x_string.o
 .text.memcmp   0x0000000000000000       0x88 ls1x_string.o
 .text.memcpy   0x0000000000000000       0x70 ls1x_string.o
 .text.strstr   0x0000000000000000       0xe0 ls1x_string.o
 .text.pstrstr  0x0000000000000000       0xc8 ls1x_string.o
 .text.strchr   0x0000000000000000       0x80 ls1x_string.o
 .text.atoi     0x0000000000000000       0xe4 ls1x_string.o
 .text.itoa     0x0000000000000000      0x17c ls1x_string.o
 .text.strcat   0x0000000000000000       0xa0 ls1x_string.o
 .text.strcmp   0x0000000000000000       0x84 ls1x_string.o
 .text.isContained
                0x0000000000000000       0x78 ls1x_string.o
 .text.strtok_r
                0x0000000000000000      0x1d4 ls1x_string.o
 .text.str_to_hex
                0x0000000000000000       0xf4 ls1x_string.o
 .text.atohex   0x0000000000000000      0x164 ls1x_string.o
 .eh_frame      0x0000000000000000      0x258 ls1x_string.o
 .text          0x0000000000000000        0x0 ls1x_flash.o
 .data          0x0000000000000000        0x0 ls1x_flash.o
 .bss           0x0000000000000000        0x0 ls1x_flash.o
 .text.FLASH_ErasePage
                0x0000000000000000       0x50 ls1x_flash.o
 .text.FLASH_EraseUserFlash
                0x0000000000000000       0x9c ls1x_flash.o
 .text.FLASH_ReadPage
                0x0000000000000000       0xa4 ls1x_flash.o
 .text.FLASH_WitePage
                0x0000000000000000      0x48c ls1x_flash.o
 .text.ls1c_flash_write2
                0x0000000000000000      0x17c ls1x_flash.o
 .text.ls1c_flash_write_data
                0x0000000000000000      0x144 ls1x_flash.o
 .text.FLASH_WaitForPeEnd
                0x0000000000000000       0x80 ls1x_flash.o
 .text.FLASH_GetStatus
                0x0000000000000000       0x34 ls1x_flash.o
 .text.FLASH_GetFlagStatus
                0x0000000000000000       0x4c ls1x_flash.o
 .text.FLASH_ITConfig
                0x0000000000000000       0x64 ls1x_flash.o
 .text.FLASH_ITCmd
                0x0000000000000000       0x68 ls1x_flash.o
 .text.FLASH_ClearIT
                0x0000000000000000       0x50 ls1x_flash.o
 .text.FLASH_WiteTest
                0x0000000000000000       0xa4 ls1x_flash.o
 .rodata        0x0000000000000000        0xa ls1x_flash.o
 .text.FLASH_ReadTest
                0x0000000000000000       0xc0 ls1x_flash.o
 .comment       0x0000000000000000       0x12 ls1x_flash.o
 .eh_frame      0x0000000000000000      0x21c ls1x_flash.o
 COMMON         0x0000000000000000        0x1 ls1x_flash.o
 .text          0x0000000000000000        0x0 ls1x_rtc.o
 .data          0x0000000000000000        0x0 ls1x_rtc.o
 .bss           0x0000000000000000        0x0 ls1x_rtc.o
 .text.Rtc_Read
                0x0000000000000000       0xec ls1x_rtc.o
 .text.Rtc_Write
                0x0000000000000000      0x16c ls1x_rtc.o
 .text.RtcUpdateData
                0x0000000000000000       0x4c ls1x_rtc.o
 .comment       0x0000000000000000       0x12 ls1x_rtc.o
 .eh_frame      0x0000000000000000       0x80 ls1x_rtc.o
 .text          0x0000000000000000        0x0 ls1x_exti.o
 .data          0x0000000000000000        0x0 ls1x_exti.o
 .bss           0x0000000000000000        0x0 ls1x_exti.o
 .text.EXTI_DeInit
                0x0000000000000000       0x40 ls1x_exti.o
 .text.EXTI_Init
                0x0000000000000000      0x188 ls1x_exti.o
 .text.EXTI_StructInit
                0x0000000000000000       0x44 ls1x_exti.o
 .text.EXTI_GetFlagStatus
                0x0000000000000000       0x50 ls1x_exti.o
 .text.EXTI_ClearFlag
                0x0000000000000000       0x3c ls1x_exti.o
 .text.EXTI_GetITStatus
                0x0000000000000000       0x70 ls1x_exti.o
 .eh_frame      0x0000000000000000       0xfc ls1x_exti.o
 .text          0x0000000000000000        0x0 ls1x_wdg.o
 .data          0x0000000000000000        0x0 ls1x_wdg.o
 .bss           0x0000000000000000        0x0 ls1x_wdg.o
 .eh_frame      0x0000000000000000       0xa4 ls1x_wdg.o
 .text          0x0000000000000000        0x0 ls1c102_i2c.o
 .data          0x0000000000000000        0x0 ls1c102_i2c.o
 .bss           0x0000000000000000        0x0 ls1c102_i2c.o
 .text.I2C_delay_my
                0x0000000000000000       0x3c ls1c102_i2c.o
 .text.I2C_Init
                0x0000000000000000      0x104 ls1c102_i2c.o
 .text.I2C_StructInit
                0x0000000000000000       0x5c ls1c102_i2c.o
 .text.I2C_ITConfig
                0x0000000000000000       0x6c ls1c102_i2c.o
 .text.I2C_ITCmd
                0x0000000000000000       0x90 ls1c102_i2c.o
 .text.I2C_GenerateSTART
                0x0000000000000000       0x6c ls1c102_i2c.o
 .text.I2C_GenerateSTOP
                0x0000000000000000       0x7c ls1c102_i2c.o
 .text.I2C_AcknowledgeConfig
                0x0000000000000000       0x6c ls1c102_i2c.o
 .text.I2C_SendData
                0x0000000000000000       0x50 ls1c102_i2c.o
 .text.I2C_ReceiveData
                0x0000000000000000       0x60 ls1c102_i2c.o
 .rodata        0x0000000000000000       0xaf ls1c102_i2c.o
 .text.I2C_Send7bitAddress
                0x0000000000000000       0xac ls1c102_i2c.o
 .text.I2C_ReadRegister
                0x0000000000000000       0x50 ls1c102_i2c.o
 .text.I2C_ClearFlag
                0x0000000000000000       0x48 ls1c102_i2c.o
 .text.I2C_GetStatus
                0x0000000000000000       0x5c ls1c102_i2c.o
 .text.I2C_ClearIT
                0x0000000000000000       0x50 ls1c102_i2c.o
 .text.I2C_wait
                0x0000000000000000       0x48 ls1c102_i2c.o
 .text.I2C_BUSY
                0x0000000000000000       0x48 ls1c102_i2c.o
 .text.I2C_Unlock
                0x0000000000000000       0x54 ls1c102_i2c.o
 .text.CAT24_Write
                0x0000000000000000      0x15c ls1c102_i2c.o
 .text.CAT24_Read
                0x0000000000000000      0x160 ls1c102_i2c.o
 .text.CAT24_Write_Int
                0x0000000000000000      0x140 ls1c102_i2c.o
 .text.CAT24_Read_Int
                0x0000000000000000      0x16c ls1c102_i2c.o
 .comment       0x0000000000000000       0x12 ls1c102_i2c.o
 .eh_frame      0x0000000000000000      0x334 ls1c102_i2c.o
 COMMON         0x0000000000000000        0x1 ls1c102_i2c.o
 .text          0x0000000000000000        0x0 ls1c102_vpwm.o
 .data          0x0000000000000000        0x0 ls1c102_vpwm.o
 .bss           0x0000000000000000        0x0 ls1c102_vpwm.o
 .comment       0x0000000000000000       0x12 ls1c102_vpwm.o
 .text          0x0000000000000000        0x0 ls1c102_adc.o
 .data          0x0000000000000000        0x0 ls1c102_adc.o
 .bss           0x0000000000000000        0x0 ls1c102_adc.o
 .text.Adc_powerOff
                0x0000000000000000       0x50 ls1c102_adc.o
 .text.Adc_close
                0x0000000000000000       0xe4 ls1c102_adc.o
 .text.Adc_openGroup
                0x0000000000000000       0xa0 ls1c102_adc.o
 .text.Adc_closeGroup
                0x0000000000000000       0xd4 ls1c102_adc.o
 .text.Adc_singleMeasure
                0x0000000000000000       0x90 ls1c102_adc.o
 .eh_frame      0x0000000000000000      0x170 ls1c102_adc.o
 .text          0x0000000000000000        0x0 ls1c102_touch.o
 .data          0x0000000000000000        0x0 ls1c102_touch.o
 .bss           0x0000000000000000        0x0 ls1c102_touch.o
 .text.Touch_CountBaseInit
                0x0000000000000000       0x90 ls1c102_touch.o
 .text.Touch_PerformInit
                0x0000000000000000       0x88 ls1c102_touch.o
 .text.Touch_ControlConfig
                0x0000000000000000       0xc8 ls1c102_touch.o
 .text.TOUCH_Cmd
                0x0000000000000000       0x68 ls1c102_touch.o
 .text.TOUCH_EnablePollScan
                0x0000000000000000       0x30 ls1c102_touch.o
 .text.TOUCH_disablePollScan
                0x0000000000000000       0x34 ls1c102_touch.o
 .text.TOUCH_EnableSingleScan
                0x0000000000000000       0x30 ls1c102_touch.o
 .text.TOUCH_GetDownTh
                0x0000000000000000       0x48 ls1c102_touch.o
 .text.TOUCH_SetDownTh
                0x0000000000000000       0x7c ls1c102_touch.o
 .text.TOUCH_SetBaseVal
                0x0000000000000000       0x7c ls1c102_touch.o
 .text.TOUCH_SetChnAttr
                0x0000000000000000       0x7c ls1c102_touch.o
 .text.TOUCH_SetAllChnAttr
                0x0000000000000000       0x64 ls1c102_touch.o
 .text.TOUCH_SetAllChnAttr2
                0x0000000000000000       0x90 ls1c102_touch.o
 .text.TOUCH_Init
                0x0000000000000000       0xfc ls1c102_touch.o
 .eh_frame      0x0000000000000000      0x2bc ls1c102_touch.o
 .text          0x0000000000000000        0x0 ls1c102_ptimer.o
 .data          0x0000000000000000        0x0 ls1c102_ptimer.o
 .bss           0x0000000000000000        0x0 ls1c102_ptimer.o
 .text.TIM_Init
                0x0000000000000000       0xd8 ls1c102_ptimer.o
 .text.TIM_StructInit
                0x0000000000000000       0x7c ls1c102_ptimer.o
 .text.timer_init
                0x0000000000000000       0x4c ls1c102_ptimer.o
 .text.TIM_Cmd  0x0000000000000000       0x54 ls1c102_ptimer.o
 .text.TIM_ITConfig
                0x0000000000000000       0x90 ls1c102_ptimer.o
 .text.TIM_GetCounter
                0x0000000000000000       0x34 ls1c102_ptimer.o
 .text.TIM_SetCounter
                0x0000000000000000       0x30 ls1c102_ptimer.o
 .text.TIM_SetCompare
                0x0000000000000000       0x30 ls1c102_ptimer.o
 .text.TIM_GetCompare
                0x0000000000000000       0x34 ls1c102_ptimer.o
 .eh_frame      0x0000000000000000      0x18c ls1c102_ptimer.o
 .text          0x0000000000000000        0x0 1c102_cmdline.o
 .data          0x0000000000000000        0x0 1c102_cmdline.o
 .bss           0x0000000000000000        0x0 1c102_cmdline.o
 .rodata        0x0000000000000000      0x3a8 1c102_cmdline.o
 .data.cmd      0x0000000000000000      0x1f0 1c102_cmdline.o
 .text.do_exit  0x0000000000000000       0x28 1c102_cmdline.o
 .text.do_help  0x0000000000000000      0x208 1c102_cmdline.o
 .text.cmdline  0x0000000000000000      0xdbc 1c102_cmdline.o
 .comment       0x0000000000000000       0x12 1c102_cmdline.o
 .eh_frame      0x0000000000000000       0x84 1c102_cmdline.o
 COMMON         0x0000000000000000        0x4 1c102_cmdline.o
 .text          0x0000000000000000        0x0 1c102_cmd.o
 .data          0x0000000000000000        0x0 1c102_cmd.o
 .bss           0x0000000000000000        0x0 1c102_cmd.o
 .text.do_nothing
                0x0000000000000000       0x20 1c102_cmd.o
 .rodata        0x0000000000000000      0x875 1c102_cmd.o
 .text.do_d1    0x0000000000000000      0x114 1c102_cmd.o
 .text.do_d4    0x0000000000000000      0x120 1c102_cmd.o
 .text.do_m1    0x0000000000000000       0x90 1c102_cmd.o
 .text.do_m4    0x0000000000000000       0x8c 1c102_cmd.o
 .text.str2num  0x0000000000000000      0x214 1c102_cmd.o
 .text.v_play   0x0000000000000000       0x68 1c102_cmd.o
 .text.touch_reg_show
                0x0000000000000000      0x100 1c102_cmd.o
 .text.touch_value_show
                0x0000000000000000       0xd4 1c102_cmd.o
 .text.touch_test
                0x0000000000000000      0x274 1c102_cmd.o
 .text.hpet     0x0000000000000000      0x100 1c102_cmd.o
 .text.latimer  0x0000000000000000       0x94 1c102_cmd.o
 .text.delay    0x0000000000000000      0x104 1c102_cmd.o
 .text.wakeup   0x0000000000000000       0x90 1c102_cmd.o
 .text.a_to_n   0x0000000000000000       0x60 1c102_cmd.o
 .text.date     0x0000000000000000      0x48c 1c102_cmd.o
 .text.watch_dog
                0x0000000000000000       0x84 1c102_cmd.o
 .text.i2cp     0x0000000000000000       0x4c 1c102_cmd.o
 .text.i2cw     0x0000000000000000      0x10c 1c102_cmd.o
 .text.i2cr     0x0000000000000000       0xe0 1c102_cmd.o
 .text.adc      0x0000000000000000      0x1a4 1c102_cmd.o
 .text.batdet   0x0000000000000000      0x170 1c102_cmd.o
 .text.copy     0x0000000000000000      0x190 1c102_cmd.o
 .text.uart_init
                0x0000000000000000       0xac 1c102_cmd.o
 .text.sleep    0x0000000000000000       0xa4 1c102_cmd.o
 .text.spi_init
                0x0000000000000000       0x68 1c102_cmd.o
 .text.spi_write
                0x0000000000000000      0x134 1c102_cmd.o
 .text.spi_read
                0x0000000000000000      0x174 1c102_cmd.o
 .text.spi_erase
                0x0000000000000000       0x90 1c102_cmd.o
 .text.spi_flash
                0x0000000000000000      0x258 1c102_cmd.o
 .text.gpio_int_test
                0x0000000000000000       0x9c 1c102_cmd.o
 .text.gpio_int
                0x0000000000000000       0x34 1c102_cmd.o
 .text.tmp      0x0000000000000000       0x50 1c102_cmd.o
 .text.m4_flash
                0x0000000000000000       0xb4 1c102_cmd.o
 .text.copy_iram
                0x0000000000000000      0x138 1c102_cmd.o
 .comment       0x0000000000000000       0x12 1c102_cmd.o
 .eh_frame      0x0000000000000000      0x57c 1c102_cmd.o
 .text          0x0000000000000000        0x0 1c102_Interrupt.o
 .data          0x0000000000000000        0x0 1c102_Interrupt.o
 .bss           0x0000000000000000        0x0 1c102_Interrupt.o
 .text.SOFT_INT
                0x0000000000000000       0x34 1c102_Interrupt.o
 .text.TIMER_8M_INT
                0x0000000000000000       0x44 1c102_Interrupt.o
 .text.INTC     0x0000000000000000       0x1c 1c102_Interrupt.o
 .text.RING     0x0000000000000000       0x1c 1c102_Interrupt.o
 .eh_frame      0x0000000000000000      0x624 1c102_Interrupt.o
 COMMON         0x0000000000000000       0x80 1c102_Interrupt.o
 .text          0x0000000000000000        0x0 1c102_main.o
 .data          0x0000000000000000        0x0 1c102_main.o
 .bss           0x0000000000000000        0x0 1c102_main.o
 .data.BKRC     0x0000000000000000      0x1f4 1c102_main.o
 .data.DHT11P   0x0000000000000000      0x1f4 1c102_main.o
 .data.picture  0x0000000000000000      0x1f4 1c102_main.o
 .bss.received_data
                0x0000000000000000        0x1 1c102_main.o
 .data.temp_warn
                0x0000000000000000        0x2 1c102_main.o
 .data.humi_warn
                0x0000000000000000        0x2 1c102_main.o
 .data.SEND_DATA
                0x0000000000000000        0x4 1c102_main.o
 .bss.current_interface
                0x0000000000000000        0x1 1c102_main.o
 .eh_frame      0x0000000000000000       0x34 1c102_main.o
 .text          0x0000000000000000        0x0 beep.o
 .data          0x0000000000000000        0x0 beep.o
 .bss           0x0000000000000000        0x0 beep.o
 .eh_frame      0x0000000000000000       0x5c beep.o
 .text          0x0000000000000000        0x0 iic.o
 .data          0x0000000000000000        0x0 iic.o
 .bss           0x0000000000000000        0x0 iic.o
 .text.IIC_Ack  0x0000000000000000       0x60 iic.o
 .text.IIC_NAck
                0x0000000000000000       0x60 iic.o
 .text.IIC_Read_Byte
                0x0000000000000000       0xb4 iic.o
 .eh_frame      0x0000000000000000      0x1bc iic.o
 .text          0x0000000000000000        0x0 dht11.o
 .data          0x0000000000000000        0x0 dht11.o
 .bss           0x0000000000000000        0x0 dht11.o
 .eh_frame      0x0000000000000000      0x148 dht11.o
 .text          0x0000000000000000        0x0 fan.o
 .data          0x0000000000000000        0x0 fan.o
 .bss           0x0000000000000000        0x0 fan.o
 .text.FAN_Ctrl
                0x0000000000000000       0xc4 fan.o
 .eh_frame      0x0000000000000000       0x60 fan.o
 .text          0x0000000000000000        0x0 led.o
 .data          0x0000000000000000        0x0 led.o
 .bss           0x0000000000000000        0x0 led.o
 .text.LED_ON   0x0000000000000000       0x6c led.o
 .eh_frame      0x0000000000000000       0x60 led.o
 .text          0x0000000000000000        0x0 key.o
 .data          0x0000000000000000        0x0 key.o
 .bss           0x0000000000000000        0x0 key.o
 .text.KEY_Scan
                0x0000000000000000       0x6c key.o
 .eh_frame      0x0000000000000000       0x60 key.o
 .text          0x0000000000000000        0x0 oled.o
 .data          0x0000000000000000        0x0 oled.o
 .bss           0x0000000000000000        0x0 oled.o
 .text.OLED_Display_On
                0x0000000000000000       0x48 oled.o
 .text.OLED_Display_Off
                0x0000000000000000       0x48 oled.o
 .text.OLED_Draw
                0x0000000000000000       0xa8 oled.o
 .text.OLED_DrawBMP
                0x0000000000000000      0x10c oled.o
 .text.OLED_ShowString
                0x0000000000000000      0x12c oled.o
 .rodata        0x0000000000000000        0x6 oled.o
 .text.OLED_ShowInt32Num
                0x0000000000000000      0x130 oled.o
 .eh_frame      0x0000000000000000      0x260 oled.o
 .text          0x0000000000000000        0x0 RGBLED.o
 .data          0x0000000000000000        0x0 RGBLED.o
 .bss           0x0000000000000000        0x0 RGBLED.o
 .eh_frame      0x0000000000000000       0x3c RGBLED.o
 .text          0x0000000000000000        0x0 esp8266.o
 .data          0x0000000000000000        0x0 esp8266.o
 .bss           0x0000000000000000        0x0 esp8266.o
 .eh_frame      0x0000000000000000       0x3c esp8266.o
 .text          0x0000000000000000        0x0 queue.o
 .data          0x0000000000000000        0x0 queue.o
 .bss           0x0000000000000000        0x0 queue.o
 .text.Queue_isEmpty
                0x0000000000000000       0x50 queue.o
 .text.Queue_isFull
                0x0000000000000000       0x64 queue.o
 .text.Queue_HadUse
                0x0000000000000000       0x64 queue.o
 .text.Queue_NoUse
                0x0000000000000000       0x6c queue.o
 .text.Queue_Wirte
                0x0000000000000000       0xdc queue.o
 .text.Queue_Read
                0x0000000000000000       0xdc queue.o
 .eh_frame      0x0000000000000000      0x114 queue.o
 .text          0x0000000000000000        0x0 fumes.o
 .data          0x0000000000000000        0x0 fumes.o
 .bss           0x0000000000000000        0x0 fumes.o
 .data.t        0x0000000000000000        0x4 fumes.o
 .data.V        0x0000000000000000        0x4 fumes.o
 .bss.str       0x0000000000000000       0x32 fumes.o
 .eh_frame      0x0000000000000000       0x88 fumes.o
 .text          0x0000000000000000        0x0 yuyin.o
 .data          0x0000000000000000        0x0 yuyin.o
 .bss           0x0000000000000000        0x0 yuyin.o
 .eh_frame      0x0000000000000000       0x64 yuyin.o

Memory Configuration

Name             Origin             Length             Attributes
flash            0x000000001c000000 0x0000000000020000 xr
IRAM             0x0000000080000000 0x0000000000001000 rw
DRAM             0x0000000080001000 0x0000000000001000 rw
*default*        0x0000000000000000 0xffffffffffffffff

Linker script and memory map


.text           0x000000001c000000     0x6dcc
                0x000000001c000000                . = ALIGN (0x4)
 *(.text .text.*)
 .text._start   0x000000001c000000     0x1128 start.o
                0x000000001c000000                _start
                0x000000001c0000ac                cpu_wait
                0x000000001c000800                m4_flash_4k
 .text          0x000000001c001128       0xbc serial.o
                0x000000001c001128                serial_out
                0x000000001c001144                outputaddr
                0x000000001c0011a4                outputstring
 .text          0x000000001c0011e4      0x148 wakeup.o
                0x000000001c0011e4                cpu_sleep
                0x000000001c00128c                wakeup_reset
 .text.GPIOInit
                0x000000001c00132c       0x98 UserGpio.o
                0x000000001c00132c                GPIOInit
 .text.bsp_init
                0x000000001c0013c4       0xfc init.o
                0x000000001c0013c4                bsp_init
 .text.AFIO_RemapConfig
                0x000000001c0014c0       0xcc ls1x_gpio.o
                0x000000001c0014c0                AFIO_RemapConfig
 .text.gpio_get_pin
                0x000000001c00158c       0x50 ls1x_gpio.o
                0x000000001c00158c                gpio_get_pin
 .text.gpio_write_pin
                0x000000001c0015dc       0x78 ls1x_gpio.o
                0x000000001c0015dc                gpio_write_pin
 .text.gpio_pin_remap
                0x000000001c001654      0x20c ls1x_gpio.o
                0x000000001c001654                gpio_pin_remap
 .text.gpio_set_direction
                0x000000001c001860      0x128 ls1x_gpio.o
                0x000000001c001860                gpio_set_direction
 .text.myputchar
                0x000000001c001988       0x3c ls1x_printf.o
                0x000000001c001988                myputchar
 .text.printbase
                0x000000001c0019c4      0x160 ls1x_printf.o
                0x000000001c0019c4                printbase
 .text.puts     0x000000001c001b24       0x70 ls1x_printf.o
                0x000000001c001b24                puts
 .text.myprintf
                0x000000001c001b94      0x3a4 ls1x_printf.o
                0x000000001c001b94                myprintf
 .text.vsputs   0x000000001c001f38       0x54 ls1x_printf.o
                0x000000001c001f38                vsputs
 .text.vsputchar
                0x000000001c001f8c       0x44 ls1x_printf.o
                0x000000001c001f8c                vsputchar
 .text.vsprintbase
                0x000000001c001fd0      0x17c ls1x_printf.o
                0x000000001c001fd0                vsprintbase
 .text.vsprintf
                0x000000001c00214c      0x3d8 ls1x_printf.o
                0x000000001c00214c                vsprintf
 .text.sprintf  0x000000001c002524       0x6c ls1x_printf.o
                0x000000001c002524                sprintf
 .text.UART_Init
                0x000000001c002590      0x2fc ls1x_uart.o
                0x000000001c002590                UART_Init
 .text.UART_StructInit
                0x000000001c00288c       0x7c ls1x_uart.o
                0x000000001c00288c                UART_StructInit
 .text.UART_ITConfig
                0x000000001c002908       0x88 ls1x_uart.o
                0x000000001c002908                UART_ITConfig
 .text.UART_SendData
                0x000000001c002990       0x4c ls1x_uart.o
                0x000000001c002990                UART_SendData
 .text.Uart0_init
                0x000000001c0029dc       0xc4 ls1x_uart.o
                0x000000001c0029dc                Uart0_init
 .text.Uart1_init
                0x000000001c002aa0       0x84 ls1x_uart.o
                0x000000001c002aa0                Uart1_init
 .text.Uart1_send
                0x000000001c002b24       0x3c ls1x_uart.o
                0x000000001c002b24                Uart1_send
 .text.CLOCK_WaitForHSEStartUp
                0x000000001c002b60       0x9c ls1x_clock.o
                0x000000001c002b60                CLOCK_WaitForHSEStartUp
 .text.CLOCK_WaitForLSEStartUp
                0x000000001c002bfc       0xe4 ls1x_clock.o
                0x000000001c002bfc                CLOCK_WaitForLSEStartUp
 .text.CLOCK_HSEConfig
                0x000000001c002ce0       0xb4 ls1x_clock.o
                0x000000001c002ce0                CLOCK_HSEConfig
 .text.CLOCK_LSEConfig
                0x000000001c002d94       0x68 ls1x_clock.o
                0x000000001c002d94                CLOCK_LSEConfig
 .text.CLOCK_StructInit
                0x000000001c002dfc       0x64 ls1x_clock.o
                0x000000001c002dfc                CLOCK_StructInit
 .text.CLOCK_Init
                0x000000001c002e60      0x23c ls1x_clock.o
                0x000000001c002e60                CLOCK_Init
 .text.SystemClockInit
                0x000000001c00309c       0x9c ls1x_clock.o
                0x000000001c00309c                SystemClockInit
 .text.IsGlobalIntOpen
                0x000000001c003138       0x38 ls1x_common.o
                0x000000001c003138                IsGlobalIntOpen
 .text.DisableInt
                0x000000001c003170       0x24 ls1x_common.o
                0x000000001c003170                DisableInt
 .text.EnableInt
                0x000000001c003194       0x24 ls1x_common.o
                0x000000001c003194                EnableInt
 .text.Set_Timer_stop
                0x000000001c0031b8       0x20 ls1x_common.o
                0x000000001c0031b8                Set_Timer_stop
 .text.Set_Timer_clear
                0x000000001c0031d8       0x24 ls1x_common.o
                0x000000001c0031d8                Set_Timer_clear
 .text.Wake_Set
                0x000000001c0031fc       0xac ls1x_common.o
                0x000000001c0031fc                Wake_Set
 .text.PMU_GetRstRrc
                0x000000001c0032a8       0x6c ls1x_pmu.o
                0x000000001c0032a8                PMU_GetRstRrc
 .text.PMU_GetBootSpiStatus
                0x000000001c003314       0x50 ls1x_pmu.o
                0x000000001c003314                PMU_GetBootSpiStatus
 .text.ls1x_logo
                0x000000001c003364       0x9c ls1x_logo.o
                0x000000001c003364                ls1x_logo
 .text.get_count
                0x000000001c003400       0x2c ls1x_latimer.o
                0x000000001c003400                get_count
 .text.open_count
                0x000000001c00342c       0x24 ls1x_latimer.o
                0x000000001c00342c                open_count
 .text.start_count
                0x000000001c003450       0x48 ls1x_latimer.o
                0x000000001c003450                start_count
 .text.stop_count
                0x000000001c003498       0x88 ls1x_latimer.o
                0x000000001c003498                stop_count
 .text.delay_cycle
                0x000000001c003520       0x60 ls1x_latimer.o
                0x000000001c003520                delay_cycle
 .text.delay_us
                0x000000001c003580       0x38 ls1x_latimer.o
                0x000000001c003580                delay_us
 .text.delay_ms
                0x000000001c0035b8       0x40 ls1x_latimer.o
                0x000000001c0035b8                delay_ms
 .text.memset   0x000000001c0035f8       0x60 ls1x_string.o
                0x000000001c0035f8                memset
 .text.strcpy   0x000000001c003658       0x5c ls1x_string.o
                0x000000001c003658                strcpy
 .text.strlen   0x000000001c0036b4       0x4c ls1x_string.o
                0x000000001c0036b4                strlen
 .text.EXTI_ClearITPendingBit
                0x000000001c003700       0x3c ls1x_exti.o
                0x000000001c003700                EXTI_ClearITPendingBit
 .text.WDG_getOddValue
                0x000000001c00373c       0x88 ls1x_wdg.o
 .text.WDG_SetWatchDog
                0x000000001c0037c4       0x8c ls1x_wdg.o
                0x000000001c0037c4                WDG_SetWatchDog
 .text.WDG_DogFeed
                0x000000001c003850       0x2c ls1x_wdg.o
                0x000000001c003850                WDG_DogFeed
 .text.WdgInit  0x000000001c00387c       0x30 ls1x_wdg.o
                0x000000001c00387c                WdgInit
 .text.Adc_powerOn
                0x000000001c0038ac       0x54 ls1c102_adc.o
                0x000000001c0038ac                Adc_powerOn
 .text.Adc_open
                0x000000001c003900       0xb0 ls1c102_adc.o
                0x000000001c003900                Adc_open
 .text.Adc_Measure
                0x000000001c0039b0       0xdc ls1c102_adc.o
                0x000000001c0039b0                Adc_Measure
 .text.Adc_getVoltage
                0x000000001c003a8c       0x68 ls1c102_adc.o
                0x000000001c003a8c                Adc_getVoltage
 .text.TOUCH_GetBaseVal
                0x000000001c003af4       0x4c ls1c102_touch.o
                0x000000001c003af4                TOUCH_GetBaseVal
 .text.TOUCH_GetCountValue
                0x000000001c003b40       0x4c ls1c102_touch.o
                0x000000001c003b40                TOUCH_GetCountValue
 .text.Printf_KeyChannel
                0x000000001c003b8c       0x7c ls1c102_touch.o
                0x000000001c003b8c                Printf_KeyChannel
 .text.Printf_KeyType
                0x000000001c003c08       0x8c ls1c102_touch.o
                0x000000001c003c08                Printf_KeyType
 .text.Printf_KeyVal
                0x000000001c003c94      0x254 ls1c102_touch.o
                0x000000001c003c94                Printf_KeyVal
 .text.TIM_GetITStatus
                0x000000001c003ee8       0x4c ls1c102_ptimer.o
                0x000000001c003ee8                TIM_GetITStatus
 .text.TIM_ClearIT
                0x000000001c003f34       0x5c ls1c102_ptimer.o
                0x000000001c003f34                TIM_ClearIT
 .text.exti_gpioa0_irq_handler
                0x000000001c003f90       0x4c 1c102_Interrupt.o
                0x000000001c003f90                exti_gpioa0_irq_handler
 .text.exti_gpioa1_irq_handler
                0x000000001c003fdc       0x4c 1c102_Interrupt.o
                0x000000001c003fdc                exti_gpioa1_irq_handler
 .text.exti_gpioa2_irq_handler
                0x000000001c004028       0x4c 1c102_Interrupt.o
                0x000000001c004028                exti_gpioa2_irq_handler
 .text.exti_gpioa3_irq_handler
                0x000000001c004074       0x4c 1c102_Interrupt.o
                0x000000001c004074                exti_gpioa3_irq_handler
 .text.exti_gpioa4_irq_handler
                0x000000001c0040c0       0x4c 1c102_Interrupt.o
                0x000000001c0040c0                exti_gpioa4_irq_handler
 .text.exti_gpioa5_irq_handler
                0x000000001c00410c       0x4c 1c102_Interrupt.o
                0x000000001c00410c                exti_gpioa5_irq_handler
 .text.exti_gpioa6_irq_handler
                0x000000001c004158       0x4c 1c102_Interrupt.o
                0x000000001c004158                exti_gpioa6_irq_handler
 .text.exti_gpioa7_irq_handler
                0x000000001c0041a4       0x4c 1c102_Interrupt.o
                0x000000001c0041a4                exti_gpioa7_irq_handler
 .text.exti_gpiob0_irq_handler
                0x000000001c0041f0       0x4c 1c102_Interrupt.o
                0x000000001c0041f0                exti_gpiob0_irq_handler
 .text.exti_gpiob1_irq_handler
                0x000000001c00423c       0x4c 1c102_Interrupt.o
                0x000000001c00423c                exti_gpiob1_irq_handler
 .text.exti_gpiob2_irq_handler
                0x000000001c004288       0x4c 1c102_Interrupt.o
                0x000000001c004288                exti_gpiob2_irq_handler
 .text.exti_gpiob3_irq_handler
                0x000000001c0042d4       0x4c 1c102_Interrupt.o
                0x000000001c0042d4                exti_gpiob3_irq_handler
 .text.exti_gpiob4_irq_handler
                0x000000001c004320       0x4c 1c102_Interrupt.o
                0x000000001c004320                exti_gpiob4_irq_handler
 .text.exti_gpiob5_irq_handler
                0x000000001c00436c       0x4c 1c102_Interrupt.o
                0x000000001c00436c                exti_gpiob5_irq_handler
 .text.exti_gpiob6_irq_handler
                0x000000001c0043b8       0x4c 1c102_Interrupt.o
                0x000000001c0043b8                exti_gpiob6_irq_handler
 .text.exti_gpiob7_irq_handler
                0x000000001c004404       0x4c 1c102_Interrupt.o
                0x000000001c004404                exti_gpiob7_irq_handler
 .text.exti_gpioc0_irq_handler
                0x000000001c004450       0x4c 1c102_Interrupt.o
                0x000000001c004450                exti_gpioc0_irq_handler
 .text.exti_gpioc1_irq_handler
                0x000000001c00449c       0x4c 1c102_Interrupt.o
                0x000000001c00449c                exti_gpioc1_irq_handler
 .text.exti_gpioc2_irq_handler
                0x000000001c0044e8       0x4c 1c102_Interrupt.o
                0x000000001c0044e8                exti_gpioc2_irq_handler
 .text.exti_gpioc3_irq_handler
                0x000000001c004534       0x4c 1c102_Interrupt.o
                0x000000001c004534                exti_gpioc3_irq_handler
 .text.exti_gpioc4_irq_handler
                0x000000001c004580       0x4c 1c102_Interrupt.o
                0x000000001c004580                exti_gpioc4_irq_handler
 .text.exti_gpioc5_irq_handler
                0x000000001c0045cc       0x4c 1c102_Interrupt.o
                0x000000001c0045cc                exti_gpioc5_irq_handler
 .text.exti_gpioc6_irq_handler
                0x000000001c004618       0x4c 1c102_Interrupt.o
                0x000000001c004618                exti_gpioc6_irq_handler
 .text.exti_gpioc7_irq_handler
                0x000000001c004664       0x4c 1c102_Interrupt.o
                0x000000001c004664                exti_gpioc7_irq_handler
 .text.exti_gpiod0_irq_handler
                0x000000001c0046b0       0x4c 1c102_Interrupt.o
                0x000000001c0046b0                exti_gpiod0_irq_handler
 .text.exti_gpiod1_irq_handler
                0x000000001c0046fc       0x4c 1c102_Interrupt.o
                0x000000001c0046fc                exti_gpiod1_irq_handler
 .text.exti_gpiod2_irq_handler
                0x000000001c004748       0x4c 1c102_Interrupt.o
                0x000000001c004748                exti_gpiod2_irq_handler
 .text.exti_gpiod3_irq_handler
                0x000000001c004794       0x4c 1c102_Interrupt.o
                0x000000001c004794                exti_gpiod3_irq_handler
 .text.exti_gpiod4_irq_handler
                0x000000001c0047e0       0x4c 1c102_Interrupt.o
                0x000000001c0047e0                exti_gpiod4_irq_handler
 .text.exti_gpiod5_irq_handler
                0x000000001c00482c       0x4c 1c102_Interrupt.o
                0x000000001c00482c                exti_gpiod5_irq_handler
 .text.exti_gpiod6_irq_handler
                0x000000001c004878       0x4c 1c102_Interrupt.o
                0x000000001c004878                exti_gpiod6_irq_handler
 .text.exti_gpiod7_irq_handler
                0x000000001c0048c4       0x4c 1c102_Interrupt.o
                0x000000001c0048c4                exti_gpiod7_irq_handler
 .text.ext_handler
                0x000000001c004910       0xb8 1c102_Interrupt.o
                0x000000001c004910                ext_handler
 .text.TIMER_WAKE_INT
                0x000000001c0049c8       0x50 1c102_Interrupt.o
                0x000000001c0049c8                TIMER_WAKE_INT
 .text.TOUCH    0x000000001c004a18       0x94 1c102_Interrupt.o
                0x000000001c004a18                TOUCH
 .text.UART2_INT
                0x000000001c004aac       0x3c 1c102_Interrupt.o
                0x000000001c004aac                UART2_INT
 .text.BAT_FAIL
                0x000000001c004ae8       0xd8 1c102_Interrupt.o
                0x000000001c004ae8                BAT_FAIL
 .text.intc_handler
                0x000000001c004bc0       0xac 1c102_Interrupt.o
                0x000000001c004bc0                intc_handler
 .text.TIMER_HANDLER
                0x000000001c004c6c       0x38 1c102_Interrupt.o
                0x000000001c004c6c                TIMER_HANDLER
 .text.main     0x000000001c004ca4      0x8c4 1c102_main.o
                0x000000001c004ca4                main
 .text.BEEP_Init
                0x000000001c005568       0x3c beep.o
                0x000000001c005568                BEEP_Init
 .text.BEEP_on  0x000000001c0055a4       0x58 beep.o
                0x000000001c0055a4                BEEP_on
 .text.IIC_Delay
                0x000000001c0055fc       0x3c iic.o
                0x000000001c0055fc                IIC_Delay
 .text.IIC_Init
                0x000000001c005638       0x6c iic.o
                0x000000001c005638                IIC_Init
 .text.SDA_IN   0x000000001c0056a4       0x30 iic.o
                0x000000001c0056a4                SDA_IN
 .text.SDA_OUT  0x000000001c0056d4       0x3c iic.o
                0x000000001c0056d4                SDA_OUT
 .text.IIC_Start
                0x000000001c005710       0x60 iic.o
                0x000000001c005710                IIC_Start
 .text.IIC_Stop
                0x000000001c005770       0x60 iic.o
                0x000000001c005770                IIC_Stop
 .text.IIC_Wait_Ack
                0x000000001c0057d0       0x94 iic.o
                0x000000001c0057d0                IIC_Wait_Ack
 .text.IIC_Send_Byte
                0x000000001c005864       0xac iic.o
                0x000000001c005864                IIC_Send_Byte
 .text.DHT11_Rst
                0x000000001c005910       0x50 dht11.o
                0x000000001c005910                DHT11_Rst
 .text.DHT11_IO_In
                0x000000001c005960       0x30 dht11.o
                0x000000001c005960                DHT11_IO_In
 .text.DHT11_IO_Out
                0x000000001c005990       0x30 dht11.o
                0x000000001c005990                DHT11_IO_Out
 .text.DHT11_Check
                0x000000001c0059c0       0xb4 dht11.o
                0x000000001c0059c0                DHT11_Check
 .text.DHT11_Read_Bit
                0x000000001c005a74       0xa8 dht11.o
                0x000000001c005a74                DHT11_Read_Bit
 .text.DHT11_Read_Byte
                0x000000001c005b1c       0x70 dht11.o
                0x000000001c005b1c                DHT11_Read_Byte
 .text.DHT11_Read_Data
                0x000000001c005b8c      0x10c dht11.o
                0x000000001c005b8c                DHT11_Read_Data
 .text.DHT11_Init
                0x000000001c005c98       0x40 dht11.o
                0x000000001c005c98                DHT11_Init
 .text.FAN_Init
                0x000000001c005cd8       0x3c fan.o
                0x000000001c005cd8                FAN_Init
 .text.LED_Init
                0x000000001c005d14       0x30 led.o
                0x000000001c005d14                LED_Init
 .text.KEY_Init
                0x000000001c005d44       0x30 key.o
                0x000000001c005d44                KEY_Init
 .text.OLED_Hardware_Init
                0x000000001c005d74       0x28 oled.o
                0x000000001c005d74                OLED_Hardware_Init
 .text.OLED_WR_Byte
                0x000000001c005d9c       0x6c oled.o
                0x000000001c005d9c                OLED_WR_Byte
 .text.OLED_Set_Pos
                0x000000001c005e08       0x88 oled.o
                0x000000001c005e08                OLED_Set_Pos
 .text.OLED_Clear
                0x000000001c005e90       0x9c oled.o
                0x000000001c005e90                OLED_Clear
 .text.OLED_Init
                0x000000001c005f2c      0x1c4 oled.o
                0x000000001c005f2c                OLED_Init
 .text.OLED_ShowChar
                0x000000001c0060f0      0x128 oled.o
                0x000000001c0060f0                OLED_ShowChar
 .text.OLED_DrawFont16
                0x000000001c006218      0x19c oled.o
                0x000000001c006218                OLED_DrawFont16
 .text.OLED_DrawFont32
                0x000000001c0063b4      0x1a8 oled.o
                0x000000001c0063b4                OLED_DrawFont32
 .text.OLED_Show_Str
                0x000000001c00655c      0x270 oled.o
                0x000000001c00655c                OLED_Show_Str
 .text.RGB_LED_Init
                0x000000001c0067cc       0x6c RGBLED.o
                0x000000001c0067cc                RGB_LED_Init
 .text.ESP8266_Init
                0x000000001c006838       0x8c esp8266.o
                0x000000001c006838                ESP8266_Init
 .text.Queue_Init
                0x000000001c0068c4       0x4c queue.o
                0x000000001c0068c4                Queue_Init
 .text.Smoke_Init
                0x000000001c006910      0x160 fumes.o
                0x000000001c006910                Smoke_Init
 .text.Median_Read_Data
                0x000000001c006a70       0xb4 fumes.o
                0x000000001c006a70                Median_Read_Data
 .text.Smoke_Read_Data
                0x000000001c006b24       0xcc fumes.o
                0x000000001c006b24                Smoke_Read_Data
 .text.YUYIN_Init
                0x000000001c006bf0       0x84 yuyin.o
                0x000000001c006bf0                YUYIN_Init
 .text.YUYIN_Ctrl
                0x000000001c006c74      0x158 yuyin.o
                0x000000001c006c74                YUYIN_Ctrl
                0x000000001c006dcc                . = ALIGN (0x4)
                0x000000001c006dcc                _etext = .

.rodata         0x000000001c006de0     0x2244
                0x000000001c006de0                . = ALIGN (0x4)
 *(.rodata .rodata.*)
 .rodata        0x000000001c006de0       0x1a serial.o
                0x000000001c006de0                msg_wakeup
 *fill*         0x000000001c006dfa        0x2 
 .rodata        0x000000001c006dfc       0x38 init.o
 .rodata.myprintf
                0x000000001c006e34      0x150 ls1x_printf.o
 .rodata.vsprintf
                0x000000001c006f84      0x150 ls1x_printf.o
 .rodata        0x000000001c0070d4      0x387 ls1x_logo.o
 *fill*         0x000000001c00745b        0x1 
 .rodata        0x000000001c00745c       0x8d ls1c102_touch.o
 *fill*         0x000000001c0074e9        0x3 
 .rodata        0x000000001c0074ec       0xd7 1c102_Interrupt.o
 *fill*         0x000000001c0075c3        0x1 
 .rodata.Ext_IrqHandle
                0x000000001c0075c4       0x80 1c102_Interrupt.o
                0x000000001c0075c4                Ext_IrqHandle
 .rodata.BAT_FAIL
                0x000000001c007644       0x44 1c102_Interrupt.o
 .rodata.__FUNCTION__.1551
                0x000000001c007688       0x18 1c102_Interrupt.o
 .rodata.__FUNCTION__.1555
                0x000000001c0076a0       0x18 1c102_Interrupt.o
 .rodata.__FUNCTION__.1559
                0x000000001c0076b8       0x18 1c102_Interrupt.o
 .rodata.__FUNCTION__.1563
                0x000000001c0076d0       0x18 1c102_Interrupt.o
 .rodata.__FUNCTION__.1567
                0x000000001c0076e8       0x18 1c102_Interrupt.o
 .rodata.__FUNCTION__.1571
                0x000000001c007700       0x18 1c102_Interrupt.o
 .rodata.__FUNCTION__.1575
                0x000000001c007718       0x18 1c102_Interrupt.o
 .rodata.__FUNCTION__.1579
                0x000000001c007730       0x18 1c102_Interrupt.o
 .rodata.__FUNCTION__.1583
                0x000000001c007748       0x18 1c102_Interrupt.o
 .rodata.__FUNCTION__.1587
                0x000000001c007760       0x18 1c102_Interrupt.o
 .rodata.__FUNCTION__.1591
                0x000000001c007778       0x18 1c102_Interrupt.o
 .rodata.__FUNCTION__.1595
                0x000000001c007790       0x18 1c102_Interrupt.o
 .rodata.__FUNCTION__.1599
                0x000000001c0077a8       0x18 1c102_Interrupt.o
 .rodata.__FUNCTION__.1603
                0x000000001c0077c0       0x18 1c102_Interrupt.o
 .rodata.__FUNCTION__.1607
                0x000000001c0077d8       0x18 1c102_Interrupt.o
 .rodata.__FUNCTION__.1611
                0x000000001c0077f0       0x18 1c102_Interrupt.o
 .rodata.__FUNCTION__.1615
                0x000000001c007808       0x18 1c102_Interrupt.o
 .rodata.__FUNCTION__.1619
                0x000000001c007820       0x18 1c102_Interrupt.o
 .rodata.__FUNCTION__.1623
                0x000000001c007838       0x18 1c102_Interrupt.o
 .rodata.__FUNCTION__.1627
                0x000000001c007850       0x18 1c102_Interrupt.o
 .rodata.__FUNCTION__.1631
                0x000000001c007868       0x18 1c102_Interrupt.o
 .rodata.__FUNCTION__.1635
                0x000000001c007880       0x18 1c102_Interrupt.o
 .rodata.__FUNCTION__.1639
                0x000000001c007898       0x18 1c102_Interrupt.o
 .rodata.__FUNCTION__.1643
                0x000000001c0078b0       0x18 1c102_Interrupt.o
 .rodata.__FUNCTION__.1647
                0x000000001c0078c8       0x18 1c102_Interrupt.o
 .rodata.__FUNCTION__.1651
                0x000000001c0078e0       0x18 1c102_Interrupt.o
 .rodata.__FUNCTION__.1655
                0x000000001c0078f8       0x18 1c102_Interrupt.o
 .rodata.__FUNCTION__.1659
                0x000000001c007910       0x18 1c102_Interrupt.o
 .rodata.__FUNCTION__.1663
                0x000000001c007928       0x18 1c102_Interrupt.o
 .rodata.__FUNCTION__.1667
                0x000000001c007940       0x18 1c102_Interrupt.o
 .rodata.__FUNCTION__.1671
                0x000000001c007958       0x18 1c102_Interrupt.o
 .rodata.__FUNCTION__.1675
                0x000000001c007970       0x18 1c102_Interrupt.o
 .rodata        0x000000001c007988       0x6d 1c102_main.o
 *fill*         0x000000001c0079f5        0x3 
 .rodata.asc2_1608
                0x000000001c0079f8      0x5f0 oled.o
                0x000000001c0079f8                asc2_1608
 .rodata.tfont16
                0x000000001c007fe8      0x50f oled.o
                0x000000001c007fe8                tfont16
 *fill*         0x000000001c0084f7        0x1 
 .rodata.tfont32
                0x000000001c0084f8      0xabf oled.o
                0x000000001c0084f8                tfont32
 *fill*         0x000000001c008fb7        0x1 
 .rodata        0x000000001c008fb8       0x69 esp8266.o
                0x000000001c009024                . = ALIGN (0x4)
 *fill*         0x000000001c009021        0x3 
                0x000000001c009024                _sidata = ALIGN (., 0x4)
                0x000000001c009024                . = ALIGN (0x4)

.rela.dyn       0x000000001c009024        0x0
 .rela.got      0x000000001c009024        0x0 start.o
 .rela.rodata.myprintf
                0x000000001c009024        0x0 start.o
 .rela.rodata.vsprintf
                0x000000001c009024        0x0 start.o
 .rela.rodata.Ext_IrqHandle
                0x000000001c009024        0x0 start.o
 .rela.rodata.BAT_FAIL
                0x000000001c009024        0x0 start.o

.data           0x0000000080001000       0x34 load address 0x000000001c009024
                0x0000000080001000                _sdata = .
                0x0000000080001000                . = ALIGN (0x4)
 *(.got.plt)
 .got.plt       0x0000000080001000        0x0 start.o
                0x0000000080001000                . = ALIGN (0x4)
 *(.got)
 .got           0x0000000080001000       0x28 start.o
                0x0000000080001000                _GLOBAL_OFFSET_TABLE_
                0x0000000080001028                . = ALIGN (0x4)
 *(.data .data.*)
 .data.g_SystemFreq
                0x0000000080001028        0x4 ls1x_clock.o
                0x0000000080001028                g_SystemFreq
 .data.temp_threshold
                0x000000008000102c        0x1 1c102_main.o
                0x000000008000102c                temp_threshold
 .data.humi_threshold
                0x000000008000102d        0x1 1c102_main.o
                0x000000008000102d                humi_threshold
 .data.smoke_threshold
                0x000000008000102e        0x1 1c102_main.o
                0x000000008000102e                smoke_threshold
 .data.first_run
                0x000000008000102f        0x1 1c102_main.o
 .data.tolerance
                0x0000000080001030        0x4 fumes.o
                0x0000000080001030                tolerance
                0x0000000080001034                . = ALIGN (0x4)
                0x0000000080001034                _edata = .

.bss            0x0000000080000000      0x26c
                0x0000000080000000                _sbss = .
                0x0000000080000000                . = ALIGN (0x4)
 *(.sbss)
                0x0000000080000000                . = ALIGN (0x4)
 *(.bss .bss.*)
 .bss.abnormal_count
                0x0000000080000000        0x1 1c102_main.o
                0x0000000080000000                abnormal_count
 .bss.last_temp
                0x0000000080000001        0x1 1c102_main.o
 .bss.last_humi
                0x0000000080000002        0x1 1c102_main.o
 .bss.last_smoke
                0x0000000080000003        0x1 1c102_main.o
 .bss.cvalue    0x0000000080000004        0x4 fumes.o
                0x0000000080000004                cvalue
 .bss.found     0x0000000080000008        0x4 fumes.o
                0x0000000080000008                found
                0x000000008000000c                . = ALIGN (0x4)
 *(.scommon)
                0x000000008000000c                . = ALIGN (0x4)
 *(COMMON)
 COMMON         0x000000008000000c      0x12b 1c102_main.o
                0x000000008000000c                humi
                0x000000008000000e                Read_length
                0x000000008000000f                send_temp_flag
                0x0000000080000010                temp
                0x0000000080000012                ADC_Value
                0x0000000080000013                FAN_FLAG
                0x0000000080000014                str
                0x0000000080000032                send_humi_flag
                0x0000000080000034                smoke
                0x0000000080000038                Read_Buffer
 *fill*         0x0000000080000137        0x1 
 COMMON         0x0000000080000138      0x130 queue.o
                0x0000000080000138                Circular_queue
 COMMON         0x0000000080000268        0x4 fumes.o
                0x0000000080000268                diff
                0x000000008000026c                . = ALIGN (0x4)
                0x000000008000026c                _ebss = .
LOAD start.o
LOAD serial.o
LOAD wakeup.o
LOAD UserGpio.o
LOAD init.o
LOAD ls1x_gpio.o
LOAD ls1x_spi.o
LOAD ls1x_printf.o
LOAD ls1x_uart.o
LOAD ls1x_clock.o
LOAD ls1x_common.o
LOAD ls1x_pmu.o
LOAD ls1x_logo.o
LOAD ls1x_latimer.o
LOAD ls1x_string.o
LOAD ls1x_flash.o
LOAD ls1x_rtc.o
LOAD ls1x_exti.o
LOAD ls1x_wdg.o
LOAD ls1c102_i2c.o
LOAD ls1c102_vpwm.o
LOAD ls1c102_adc.o
LOAD ls1c102_touch.o
LOAD ls1c102_ptimer.o
LOAD 1c102_cmdline.o
LOAD 1c102_cmd.o
LOAD 1c102_Interrupt.o
LOAD 1c102_main.o
LOAD beep.o
LOAD iic.o
LOAD dht11.o
LOAD fan.o
LOAD led.o
LOAD key.o
LOAD oled.o
LOAD RGBLED.o
LOAD esp8266.o
LOAD queue.o
LOAD fumes.o
LOAD yuyin.o
OUTPUT(1c102_demo.elf elf32-loongarch)

.comment        0x0000000000000000       0x11
 .comment       0x0000000000000000       0x11 UserGpio.o
                                         0x12 (size before relaxing)
 .comment       0x0000000000000011       0x12 init.o
 .comment       0x0000000000000011       0x12 ls1x_gpio.o
 .comment       0x0000000000000011       0x12 ls1x_printf.o
 .comment       0x0000000000000011       0x12 ls1x_uart.o
 .comment       0x0000000000000011       0x12 ls1x_clock.o
 .comment       0x0000000000000011       0x12 ls1x_common.o
 .comment       0x0000000000000011       0x12 ls1x_pmu.o
 .comment       0x0000000000000011       0x12 ls1x_logo.o
 .comment       0x0000000000000011       0x12 ls1x_latimer.o
 .comment       0x0000000000000011       0x12 ls1x_string.o
 .comment       0x0000000000000011       0x12 ls1x_exti.o
 .comment       0x0000000000000011       0x12 ls1x_wdg.o
 .comment       0x0000000000000011       0x12 ls1c102_adc.o
 .comment       0x0000000000000011       0x12 ls1c102_touch.o
 .comment       0x0000000000000011       0x12 ls1c102_ptimer.o
 .comment       0x0000000000000011       0x12 1c102_Interrupt.o
 .comment       0x0000000000000011       0x12 1c102_main.o
 .comment       0x0000000000000011       0x12 beep.o
 .comment       0x0000000000000011       0x12 iic.o
 .comment       0x0000000000000011       0x12 dht11.o
 .comment       0x0000000000000011       0x12 fan.o
 .comment       0x0000000000000011       0x12 led.o
 .comment       0x0000000000000011       0x12 key.o
 .comment       0x0000000000000011       0x12 oled.o
 .comment       0x0000000000000011       0x12 RGBLED.o
 .comment       0x0000000000000011       0x12 esp8266.o
 .comment       0x0000000000000011       0x12 queue.o
 .comment       0x0000000000000011       0x12 fumes.o
 .comment       0x0000000000000011       0x12 yuyin.o
